INFO 2026-04-02 18:27:10 ot_train.py:195 {'batch_size': 8,
 'checkpoint_path': None,
 'dataset': {'episodes': None,
             'image_transforms': {'enable': False,
                                  'max_num_transforms': 3,
                                  'random_order': False,
                                  'tfs': {'affine': {'kwargs': {'degrees': [-5.0,
                                                                            5.0],
                                                                'translate': [0.05,
                                                                              0.05]},
                                                     'type': 'RandomAffine',
                                                     'weight': 1.0},
                                          'brightness': {'kwargs': {'brightness': [0.8,
                                                                                   1.2]},
                                                         'type': 'ColorJitter',
                                                         'weight': 1.0},
                                          'contrast': {'kwargs': {'contrast': [0.8,
                                                                               1.2]},
                                                       'type': 'ColorJitter',
                                                       'weight': 1.0},
                                          'hue': {'kwargs': {'hue': [-0.05,
                                                                     0.05]},
                                                  'type': 'ColorJitter',
                                                  'weight': 1.0},
                                          'saturation': {'kwargs': {'saturation': [0.5,
                                                                                   1.5]},
                                                         'type': 'ColorJitter',
                                                         'weight': 1.0},
                                          'sharpness': {'kwargs': {'sharpness': [0.5,
                                                                                 1.5]},
                                                        'type': 'SharpnessJitter',
                                                        'weight': 1.0}}},
             'repo_id': 'repo_dp',
             'revision': None,
             'root': 'Datasets/example/top_short_merged',
             'streaming': False,
             'use_imagenet_stats': True,
             'video_backend': 'torchcodec'},
 'env': None,
 'eval': {'batch_size': 50, 'n_episodes': 50, 'use_async_envs': False},
 'eval_freq': 20000,
 'job_name': 'diffusion',
 'log_freq': 1000,
 'num_workers': 4,
 'optimizer': {'betas': [0.95, 0.999],
               'eps': 1e-08,
               'grad_clip_norm': 10.0,
               'lr': 0.0001,
               'type': 'adam',
               'weight_decay': 1e-06},
 'output_dir': 'outputs/train/dp_top_short',
 'peft': None,
 'policy': {'beta_end': 0.02,
            'beta_schedule': 'squaredcos_cap_v2',
            'beta_start': 0.0001,
            'clip_sample': True,
            'clip_sample_range': 1.0,
            'crop_is_random': False,
            'crop_shape': None,
            'device': 'cuda',
            'diffusion_step_embed_dim': 128,
            'do_mask_loss_for_padding': False,
            'down_dims': [512, 1024, 2048],
            'drop_n_last_frames': 7,
            'horizon': 16,
            'input_features': {'observation.images.left_rgb': {'shape': [3,
                                                                         480,
                                                                         640],
                                                               'type': <FeatureType.VISUAL: 'VISUAL'>},
                               'observation.images.right_rgb': {'shape': [3,
                                                                          480,
                                                                          640],
                                                                'type': <FeatureType.VISUAL: 'VISUAL'>},
                               'observation.images.top_rgb': {'shape': [3,
                                                                        480,
                                                                        640],
                                                              'type': <FeatureType.VISUAL: 'VISUAL'>},
                               'observation.state': {'shape': [12],
                                                     'type': <FeatureType.STATE: 'STATE'>}},
            'kernel_size': 5,
            'license': None,
            'n_action_steps': 8,
            'n_groups': 8,
            'n_obs_steps': 2,
            'noise_scheduler_type': 'DDPM',
            'normalization_mapping': {'ACTION': <NormalizationMode.MIN_MAX: 'MIN_MAX'>,
                                      'STATE': <NormalizationMode.MIN_MAX: 'MIN_MAX'>,
                                      'VISUAL': <NormalizationMode.MEAN_STD: 'MEAN_STD'>},
            'num_inference_steps': None,
            'num_train_timesteps': 100,
            'optimizer_betas': [0.95, 0.999],
            'optimizer_eps': 1e-08,
            'optimizer_lr': 0.0001,
            'optimizer_weight_decay': 1e-06,
            'output_features': {'action': {'shape': [12],
                                           'type': <FeatureType.ACTION: 'ACTION'>}},
            'prediction_type': 'epsilon',
            'pretrained_backbone_weights': None,
            'pretrained_path': None,
            'private': None,
            'push_to_hub': False,
            'repo_id': None,
            'scheduler_name': 'cosine',
            'scheduler_warmup_steps': 500,
            'spatial_softmax_num_keypoints': 32,
            'tags': None,
            'type': 'diffusion',
            'use_amp': False,
            'use_film_scale_modulation': True,
            'use_group_norm': True,
            'use_peft': False,
            'use_separate_rgb_encoder_per_camera': False,
            'vision_backbone': 'resnet18'},
 'rabc_epsilon': 1e-06,
 'rabc_head_mode': 'sparse',
 'rabc_kappa': 0.01,
 'rabc_progress_path': None,
 'rename_map': {},
 'resume': False,
 'save_checkpoint': True,
 'save_freq': 20000,
 'scheduler': {'name': 'cosine', 'num_warmup_steps': 500, 'type': 'diffuser'},
 'seed': 1000,
 'steps': 150000,
 'tolerance_s': 0.0001,
 'use_policy_training_preset': True,
 'use_rabc': False,
 'wandb': {'disable_artifact': False,
           'enable': False,
           'entity': None,
           'mode': None,
           'notes': None,
           'project': 'lerobot',
           'run_id': None}}
INFO 2026-04-02 18:27:10 ot_train.py:203 Logs will be saved locally.
INFO 2026-04-02 18:27:10 ot_train.py:215 Creating dataset
INFO 2026-04-02 18:27:10 ot_train.py:233 Creating policy
INFO 2026-04-02 18:27:13 ot_train.py:288 Creating optimizer and scheduler
INFO 2026-04-02 18:27:13 ot_train.py:323 Output dir: outputs/train/dp_top_short
INFO 2026-04-02 18:27:13 ot_train.py:330 cfg.steps=150000 (150K)
INFO 2026-04-02 18:27:13 ot_train.py:331 dataset.num_frames=76066 (76K)
INFO 2026-04-02 18:27:13 ot_train.py:332 dataset.num_episodes=250
INFO 2026-04-02 18:27:13 ot_train.py:335 Effective batch size: 8 x 1 = 8
INFO 2026-04-02 18:27:13 ot_train.py:336 num_learnable_params=270658348 (271M)
INFO 2026-04-02 18:27:13 ot_train.py:337 num_total_params=270658348 (271M)
INFO 2026-04-02 18:27:13 ot_train.py:393 Start offline training on a fixed dataset, with effective batch size: 8
INFO 2026-04-02 18:35:20 ot_train.py:423 step:1K smpl:8K ep:26 epch:0.11 loss:0.303 grdn:2.213 lr:7.5e-05 updt_s:0.465 data_s:0.021
INFO 2026-04-02 18:43:19 ot_train.py:423 step:2K smpl:16K ep:53 epch:0.21 loss:0.077 grdn:0.820 lr:1.0e-04 updt_s:0.461 data_s:0.018
INFO 2026-04-02 18:51:17 ot_train.py:423 step:3K smpl:24K ep:79 epch:0.32 loss:0.066 grdn:0.652 lr:1.0e-04 updt_s:0.461 data_s:0.018
INFO 2026-04-02 18:59:17 ot_train.py:423 step:4K smpl:32K ep:105 epch:0.42 loss:0.060 grdn:0.550 lr:1.0e-04 updt_s:0.461 data_s:0.018
INFO 2026-04-02 19:07:16 ot_train.py:423 step:5K smpl:40K ep:131 epch:0.53 loss:0.055 grdn:0.476 lr:1.0e-04 updt_s:0.461 data_s:0.018
INFO 2026-04-02 19:15:15 ot_train.py:423 step:6K smpl:48K ep:158 epch:0.63 loss:0.053 grdn:0.426 lr:1.0e-04 updt_s:0.461 data_s:0.018
INFO 2026-04-02 19:23:14 ot_train.py:423 step:7K smpl:56K ep:184 epch:0.74 loss:0.050 grdn:0.393 lr:1.0e-04 updt_s:0.461 data_s:0.018
INFO 2026-04-02 19:31:13 ot_train.py:423 step:8K smpl:64K ep:210 epch:0.84 loss:0.048 grdn:0.363 lr:9.9e-05 updt_s:0.461 data_s:0.017
INFO 2026-04-02 19:39:12 ot_train.py:423 step:9K smpl:72K ep:237 epch:0.95 loss:0.047 grdn:0.341 lr:9.9e-05 updt_s:0.461 data_s:0.018
INFO 2026-04-02 19:47:15 ot_train.py:423 step:10K smpl:80K ep:263 epch:1.05 loss:0.045 grdn:0.319 lr:9.9e-05 updt_s:0.463 data_s:0.020
INFO 2026-04-02 19:55:14 ot_train.py:423 step:11K smpl:88K ep:289 epch:1.16 loss:0.042 grdn:0.302 lr:9.9e-05 updt_s:0.461 data_s:0.018
INFO 2026-04-02 20:03:13 ot_train.py:423 step:12K smpl:96K ep:316 epch:1.26 loss:0.044 grdn:0.296 lr:9.9e-05 updt_s:0.461 data_s:0.018
INFO 2026-04-02 20:11:12 ot_train.py:423 step:13K smpl:104K ep:342 epch:1.37 loss:0.041 grdn:0.283 lr:9.8e-05 updt_s:0.461 data_s:0.018
INFO 2026-04-02 20:19:10 ot_train.py:423 step:14K smpl:112K ep:368 epch:1.47 loss:0.040 grdn:0.272 lr:9.8e-05 updt_s:0.461 data_s:0.018
INFO 2026-04-02 20:27:09 ot_train.py:423 step:15K smpl:120K ep:394 epch:1.58 loss:0.039 grdn:0.267 lr:9.8e-05 updt_s:0.461 data_s:0.018
INFO 2026-04-02 20:35:08 ot_train.py:423 step:16K smpl:128K ep:421 epch:1.68 loss:0.039 grdn:0.268 lr:9.8e-05 updt_s:0.460 data_s:0.018
INFO 2026-04-02 20:43:06 ot_train.py:423 step:17K smpl:136K ep:447 epch:1.79 loss:0.038 grdn:0.264 lr:9.7e-05 updt_s:0.460 data_s:0.018
INFO 2026-04-02 20:51:05 ot_train.py:423 step:18K smpl:144K ep:473 epch:1.89 loss:0.037 grdn:0.253 lr:9.7e-05 updt_s:0.460 data_s:0.018
INFO 2026-04-02 20:59:06 ot_train.py:423 step:19K smpl:152K ep:500 epch:2.00 loss:0.038 grdn:0.260 lr:9.6e-05 updt_s:0.460 data_s:0.020
INFO 2026-04-02 21:07:04 ot_train.py:423 step:20K smpl:160K ep:526 epch:2.10 loss:0.036 grdn:0.252 lr:9.6e-05 updt_s:0.460 data_s:0.018
INFO 2026-04-02 21:07:04 ot_train.py:443 Checkpoint policy after step 20000
INFO 2026-04-02 21:15:11 ot_train.py:423 step:21K smpl:168K ep:552 epch:2.21 loss:0.036 grdn:0.253 lr:9.6e-05 updt_s:0.460 data_s:0.018
INFO 2026-04-02 21:23:09 ot_train.py:423 step:22K smpl:176K ep:578 epch:2.31 loss:0.035 grdn:0.254 lr:9.5e-05 updt_s:0.460 data_s:0.018
INFO 2026-04-02 21:31:07 ot_train.py:423 step:23K smpl:184K ep:605 epch:2.42 loss:0.035 grdn:0.251 lr:9.5e-05 updt_s:0.460 data_s:0.018
INFO 2026-04-02 21:39:06 ot_train.py:423 step:24K smpl:192K ep:631 epch:2.52 loss:0.033 grdn:0.247 lr:9.4e-05 updt_s:0.460 data_s:0.018
INFO 2026-04-02 21:47:04 ot_train.py:423 step:25K smpl:200K ep:657 epch:2.63 loss:0.033 grdn:0.250 lr:9.4e-05 updt_s:0.460 data_s:0.018
INFO 2026-04-02 21:55:03 ot_train.py:423 step:26K smpl:208K ep:684 epch:2.73 loss:0.033 grdn:0.255 lr:9.3e-05 updt_s:0.460 data_s:0.018
INFO 2026-04-02 22:03:01 ot_train.py:423 step:27K smpl:216K ep:710 epch:2.84 loss:0.032 grdn:0.252 lr:9.3e-05 updt_s:0.460 data_s:0.018
INFO 2026-04-02 22:11:01 ot_train.py:423 step:28K smpl:224K ep:736 epch:2.94 loss:0.033 grdn:0.262 lr:9.2e-05 updt_s:0.460 data_s:0.020
INFO 2026-04-02 22:18:59 ot_train.py:423 step:29K smpl:232K ep:762 epch:3.05 loss:0.033 grdn:0.261 lr:9.2e-05 updt_s:0.460 data_s:0.018
INFO 2026-04-02 22:26:58 ot_train.py:423 step:30K smpl:240K ep:789 epch:3.16 loss:0.033 grdn:0.264 lr:9.1e-05 updt_s:0.460 data_s:0.018
INFO 2026-04-02 22:34:56 ot_train.py:423 step:31K smpl:248K ep:815 epch:3.26 loss:0.031 grdn:0.258 lr:9.0e-05 updt_s:0.460 data_s:0.018
INFO 2026-04-02 22:42:54 ot_train.py:423 step:32K smpl:256K ep:841 epch:3.37 loss:0.032 grdn:0.266 lr:9.0e-05 updt_s:0.460 data_s:0.018
INFO 2026-04-02 22:50:51 ot_train.py:423 step:33K smpl:264K ep:868 epch:3.47 loss:0.031 grdn:0.259 lr:8.9e-05 updt_s:0.460 data_s:0.018
INFO 2026-04-02 22:58:49 ot_train.py:423 step:34K smpl:272K ep:894 epch:3.58 loss:0.032 grdn:0.264 lr:8.8e-05 updt_s:0.460 data_s:0.018
INFO 2026-04-02 23:06:47 ot_train.py:423 step:35K smpl:280K ep:920 epch:3.68 loss:0.031 grdn:0.264 lr:8.8e-05 updt_s:0.459 data_s:0.018
INFO 2026-04-02 23:14:44 ot_train.py:423 step:36K smpl:288K ep:947 epch:3.79 loss:0.030 grdn:0.257 lr:8.7e-05 updt_s:0.459 data_s:0.018
INFO 2026-04-02 23:22:41 ot_train.py:423 step:37K smpl:296K ep:973 epch:3.89 loss:0.031 grdn:0.262 lr:8.6e-05 updt_s:0.459 data_s:0.018
INFO 2026-04-02 23:30:41 ot_train.py:423 step:38K smpl:304K ep:999 epch:4.00 loss:0.029 grdn:0.260 lr:8.6e-05 updt_s:0.459 data_s:0.020
INFO 2026-04-02 23:38:38 ot_train.py:423 step:39K smpl:312K ep:1K epch:4.10 loss:0.030 grdn:0.262 lr:8.5e-05 updt_s:0.459 data_s:0.018
INFO 2026-04-02 23:46:35 ot_train.py:423 step:40K smpl:320K ep:1K epch:4.21 loss:0.030 grdn:0.264 lr:8.4e-05 updt_s:0.459 data_s:0.018
INFO 2026-04-02 23:46:35 ot_train.py:443 Checkpoint policy after step 40000
INFO 2026-04-02 23:54:41 ot_train.py:423 step:41K smpl:328K ep:1K epch:4.31 loss:0.030 grdn:0.261 lr:8.3e-05 updt_s:0.459 data_s:0.018
INFO 2026-04-03 00:02:38 ot_train.py:423 step:42K smpl:336K ep:1K epch:4.42 loss:0.029 grdn:0.261 lr:8.3e-05 updt_s:0.459 data_s:0.018
INFO 2026-04-03 00:10:35 ot_train.py:423 step:43K smpl:344K ep:1K epch:4.52 loss:0.029 grdn:0.261 lr:8.2e-05 updt_s:0.459 data_s:0.018
INFO 2026-04-03 00:18:32 ot_train.py:423 step:44K smpl:352K ep:1K epch:4.63 loss:0.028 grdn:0.254 lr:8.1e-05 updt_s:0.459 data_s:0.018
INFO 2026-04-03 00:26:29 ot_train.py:423 step:45K smpl:360K ep:1K epch:4.73 loss:0.030 grdn:0.263 lr:8.0e-05 updt_s:0.459 data_s:0.018
INFO 2026-04-03 00:34:26 ot_train.py:423 step:46K smpl:368K ep:1K epch:4.84 loss:0.030 grdn:0.261 lr:7.9e-05 updt_s:0.459 data_s:0.018
INFO 2026-04-03 00:42:25 ot_train.py:423 step:47K smpl:376K ep:1K epch:4.94 loss:0.028 grdn:0.254 lr:7.8e-05 updt_s:0.458 data_s:0.020
INFO 2026-04-03 00:50:22 ot_train.py:423 step:48K smpl:384K ep:1K epch:5.05 loss:0.029 grdn:0.259 lr:7.8e-05 updt_s:0.459 data_s:0.018
INFO 2026-04-03 00:58:18 ot_train.py:423 step:49K smpl:392K ep:1K epch:5.15 loss:0.029 grdn:0.257 lr:7.7e-05 updt_s:0.459 data_s:0.018
INFO 2026-04-03 01:06:15 ot_train.py:423 step:50K smpl:400K ep:1K epch:5.26 loss:0.027 grdn:0.253 lr:7.6e-05 updt_s:0.459 data_s:0.018
INFO 2026-04-03 01:14:12 ot_train.py:423 step:51K smpl:408K ep:1K epch:5.36 loss:0.027 grdn:0.252 lr:7.5e-05 updt_s:0.459 data_s:0.018
INFO 2026-04-03 01:22:08 ot_train.py:423 step:52K smpl:416K ep:1K epch:5.47 loss:0.028 grdn:0.251 lr:7.4e-05 updt_s:0.459 data_s:0.018
INFO 2026-04-03 01:30:05 ot_train.py:423 step:53K smpl:424K ep:1K epch:5.57 loss:0.028 grdn:0.258 lr:7.3e-05 updt_s:0.459 data_s:0.018
INFO 2026-04-03 01:38:02 ot_train.py:423 step:54K smpl:432K ep:1K epch:5.68 loss:0.028 grdn:0.256 lr:7.2e-05 updt_s:0.459 data_s:0.018
INFO 2026-04-03 01:45:58 ot_train.py:423 step:55K smpl:440K ep:1K epch:5.78 loss:0.026 grdn:0.249 lr:7.1e-05 updt_s:0.459 data_s:0.018
INFO 2026-04-03 01:53:58 ot_train.py:423 step:56K smpl:448K ep:1K epch:5.89 loss:0.028 grdn:0.257 lr:7.0e-05 updt_s:0.458 data_s:0.020
INFO 2026-04-03 02:01:54 ot_train.py:423 step:57K smpl:456K ep:1K epch:5.99 loss:0.027 grdn:0.254 lr:6.9e-05 updt_s:0.459 data_s:0.018
INFO 2026-04-03 02:09:51 ot_train.py:423 step:58K smpl:464K ep:2K epch:6.10 loss:0.027 grdn:0.256 lr:6.8e-05 updt_s:0.458 data_s:0.018
INFO 2026-04-03 02:17:47 ot_train.py:423 step:59K smpl:472K ep:2K epch:6.21 loss:0.026 grdn:0.252 lr:6.7e-05 updt_s:0.459 data_s:0.018
INFO 2026-04-03 02:25:44 ot_train.py:423 step:60K smpl:480K ep:2K epch:6.31 loss:0.026 grdn:0.251 lr:6.6e-05 updt_s:0.459 data_s:0.018
INFO 2026-04-03 02:25:44 ot_train.py:443 Checkpoint policy after step 60000
INFO 2026-04-03 02:33:49 ot_train.py:423 step:61K smpl:488K ep:2K epch:6.42 loss:0.026 grdn:0.254 lr:6.5e-05 updt_s:0.458 data_s:0.018
INFO 2026-04-03 02:41:46 ot_train.py:423 step:62K smpl:496K ep:2K epch:6.52 loss:0.026 grdn:0.248 lr:6.4e-05 updt_s:0.459 data_s:0.018
INFO 2026-04-03 02:49:42 ot_train.py:423 step:63K smpl:504K ep:2K epch:6.63 loss:0.024 grdn:0.245 lr:6.3e-05 updt_s:0.458 data_s:0.018
INFO 2026-04-03 02:57:39 ot_train.py:423 step:64K smpl:512K ep:2K epch:6.73 loss:0.027 grdn:0.251 lr:6.2e-05 updt_s:0.459 data_s:0.018
INFO 2026-04-03 03:05:36 ot_train.py:423 step:65K smpl:520K ep:2K epch:6.84 loss:0.025 grdn:0.240 lr:6.1e-05 updt_s:0.458 data_s:0.018
INFO 2026-04-03 03:13:35 ot_train.py:423 step:66K smpl:528K ep:2K epch:6.94 loss:0.026 grdn:0.248 lr:6.0e-05 updt_s:0.458 data_s:0.020
INFO 2026-04-03 03:21:31 ot_train.py:423 step:67K smpl:536K ep:2K epch:7.05 loss:0.026 grdn:0.250 lr:5.9e-05 updt_s:0.458 data_s:0.018
INFO 2026-04-03 03:29:28 ot_train.py:423 step:68K smpl:544K ep:2K epch:7.15 loss:0.025 grdn:0.246 lr:5.8e-05 updt_s:0.458 data_s:0.018
INFO 2026-04-03 03:37:24 ot_train.py:423 step:69K smpl:552K ep:2K epch:7.26 loss:0.025 grdn:0.251 lr:5.7e-05 updt_s:0.458 data_s:0.017
INFO 2026-04-03 03:45:20 ot_train.py:423 step:70K smpl:560K ep:2K epch:7.36 loss:0.024 grdn:0.241 lr:5.6e-05 updt_s:0.458 data_s:0.018
INFO 2026-04-03 03:53:17 ot_train.py:423 step:71K smpl:568K ep:2K epch:7.47 loss:0.024 grdn:0.242 lr:5.5e-05 updt_s:0.458 data_s:0.018
INFO 2026-04-03 04:01:13 ot_train.py:423 step:72K smpl:576K ep:2K epch:7.57 loss:0.025 grdn:0.248 lr:5.4e-05 updt_s:0.458 data_s:0.017
INFO 2026-04-03 04:09:09 ot_train.py:423 step:73K smpl:584K ep:2K epch:7.68 loss:0.024 grdn:0.244 lr:5.3e-05 updt_s:0.458 data_s:0.018
INFO 2026-04-03 04:17:06 ot_train.py:423 step:74K smpl:592K ep:2K epch:7.78 loss:0.023 grdn:0.238 lr:5.2e-05 updt_s:0.458 data_s:0.018
INFO 2026-04-03 04:25:05 ot_train.py:423 step:75K smpl:600K ep:2K epch:7.89 loss:0.024 grdn:0.246 lr:5.1e-05 updt_s:0.458 data_s:0.020
INFO 2026-04-03 04:33:01 ot_train.py:423 step:76K smpl:608K ep:2K epch:7.99 loss:0.024 grdn:0.246 lr:5.0e-05 updt_s:0.458 data_s:0.018
INFO 2026-04-03 04:40:58 ot_train.py:423 step:77K smpl:616K ep:2K epch:8.10 loss:0.023 grdn:0.238 lr:4.9e-05 updt_s:0.458 data_s:0.018
INFO 2026-04-03 04:48:54 ot_train.py:423 step:78K smpl:624K ep:2K epch:8.20 loss:0.024 grdn:0.242 lr:4.8e-05 updt_s:0.458 data_s:0.018
INFO 2026-04-03 04:56:51 ot_train.py:423 step:79K smpl:632K ep:2K epch:8.31 loss:0.023 grdn:0.239 lr:4.7e-05 updt_s:0.458 data_s:0.018
INFO 2026-04-03 05:04:47 ot_train.py:423 step:80K smpl:640K ep:2K epch:8.41 loss:0.024 grdn:0.245 lr:4.6e-05 updt_s:0.458 data_s:0.018
INFO 2026-04-03 05:04:47 ot_train.py:443 Checkpoint policy after step 80000
INFO 2026-04-03 05:12:51 ot_train.py:423 step:81K smpl:648K ep:2K epch:8.52 loss:0.023 grdn:0.241 lr:4.4e-05 updt_s:0.458 data_s:0.018
INFO 2026-04-03 05:20:48 ot_train.py:423 step:82K smpl:656K ep:2K epch:8.62 loss:0.023 grdn:0.238 lr:4.3e-05 updt_s:0.458 data_s:0.018
INFO 2026-04-03 05:28:44 ot_train.py:423 step:83K smpl:664K ep:2K epch:8.73 loss:0.023 grdn:0.241 lr:4.2e-05 updt_s:0.458 data_s:0.018
INFO 2026-04-03 05:36:43 ot_train.py:423 step:84K smpl:672K ep:2K epch:8.83 loss:0.024 grdn:0.241 lr:4.1e-05 updt_s:0.458 data_s:0.020
INFO 2026-04-03 05:44:39 ot_train.py:423 step:85K smpl:680K ep:2K epch:8.94 loss:0.023 grdn:0.235 lr:4.0e-05 updt_s:0.458 data_s:0.018
INFO 2026-04-03 05:52:36 ot_train.py:423 step:86K smpl:688K ep:2K epch:9.04 loss:0.023 grdn:0.243 lr:3.9e-05 updt_s:0.458 data_s:0.018
INFO 2026-04-03 06:00:32 ot_train.py:423 step:87K smpl:696K ep:2K epch:9.15 loss:0.023 grdn:0.236 lr:3.8e-05 updt_s:0.458 data_s:0.018
INFO 2026-04-03 06:08:28 ot_train.py:423 step:88K smpl:704K ep:2K epch:9.26 loss:0.022 grdn:0.232 lr:3.7e-05 updt_s:0.458 data_s:0.018
INFO 2026-04-03 06:16:25 ot_train.py:423 step:89K smpl:712K ep:2K epch:9.36 loss:0.023 grdn:0.240 lr:3.6e-05 updt_s:0.458 data_s:0.018
INFO 2026-04-03 06:24:21 ot_train.py:423 step:90K smpl:720K ep:2K epch:9.47 loss:0.022 grdn:0.237 lr:3.5e-05 updt_s:0.458 data_s:0.018
INFO 2026-04-03 06:32:17 ot_train.py:423 step:91K smpl:728K ep:2K epch:9.57 loss:0.023 grdn:0.240 lr:3.4e-05 updt_s:0.458 data_s:0.018
INFO 2026-04-03 06:40:13 ot_train.py:423 step:92K smpl:736K ep:2K epch:9.68 loss:0.022 grdn:0.240 lr:3.3e-05 updt_s:0.458 data_s:0.018
INFO 2026-04-03 06:48:15 ot_train.py:423 step:93K smpl:744K ep:2K epch:9.78 loss:0.022 grdn:0.241 lr:3.2e-05 updt_s:0.459 data_s:0.022
